/workspace/scratch/3ead7ec2ec0c/gf180-pv/klayout/drc/run_drc.py:698: DeprecationWarning: datetime.datetime.utcnow() is deprecated and scheduled for removal in a future version. Use timezone-aware objects to represent datetimes in UTC: datetime.datetime.now(datetime.UTC).
  now_str = datetime.utcnow().strftime("drc_run_%Y_%m_%d_%H_%M_%S")
21-Sep-2026 17:01:08 | INFO    | Your Klayout version is: KLayout 0.28.16
21-Sep-2026 17:01:08 | INFO    | Running Global Foundries 180nm MCU /workspace/scratch/3ead7ec2ec0c/IC-Design-Studio/examples/gf180-banba/layout/banba-layout.gds checks on design antenna on cell banba_layout:
2026-09-21 17:01:09 -0400: Memory Usage (573408K) : Starting running GF180MCU Klayout DRC runset on /workspace/scratch/3ead7ec2ec0c/IC-Design-Studio/examples/gf180-banba/layout/banba-layout.gds
2026-09-21 17:01:09 -0400: Memory Usage (573408K) : Ruby Version for klayout: 3.2.3
2026-09-21 17:01:09 -0400: Memory Usage (579116K) : Loading database to memory is complete.
2026-09-21 17:01:09 -0400: Memory Usage (579116K) : GF180MCU Klayout antenna DRC runset output at: /workspace/scratch/3ead7ec2ec0c/IC-Design-Studio/build/banba-physical/repaired/drc/banba-layout_antenna.lyrdb
2026-09-21 17:01:09 -0400: Memory Usage (579116K) : Evaluate switches.
2026-09-21 17:01:09 -0400: Memory Usage (579116K) : Number of threads to use 2
2026-09-21 17:01:09 -0400: Memory Usage (579116K) : Verbose mode: false
2026-09-21 17:01:09 -0400: Memory Usage (579116K) : flat  mode is enabled.
2026-09-21 17:01:09 -0400: Memory Usage (579116K) : METAL_TOP Selected is 11K
2026-09-21 17:01:09 -0400: Memory Usage (579116K) : METAL_STACK Selected is 4LM
2026-09-21 17:01:09 -0400: Memory Usage (579116K) : MIM Option selected: B
2026-09-21 17:01:09 -0400: Memory Usage (579116K) : Read in polygons from layers.
2026-09-21 17:01:09 -0400: Memory Usage (579116K) : comp has 106 polygons
2026-09-21 17:01:09 -0400: Memory Usage (579116K) : dualgate has 0 polygons
2026-09-21 17:01:09 -0400: Memory Usage (579116K) : poly2 has 64 polygons
2026-09-21 17:01:09 -0400: Memory Usage (579116K) : nplus has 23 polygons
2026-09-21 17:01:09 -0400: Memory Usage (579308K) : pplus has 183 polygons
2026-09-21 17:01:09 -0400: Memory Usage (579928K) : contact has 2848 polygons
2026-09-21 17:01:09 -0400: Memory Usage (579928K) : metal1_drawn has 148 polygons
2026-09-21 17:01:09 -0400: Memory Usage (579928K) : metal1_dummy has 0 polygons
2026-09-21 17:01:09 -0400: Memory Usage (579928K) : metal1_label has 0 polygons
2026-09-21 17:01:09 -0400: Memory Usage (579928K) : metal1_slot has 0 polygons
2026-09-21 17:01:09 -0400: Memory Usage (579928K) : metal1_blk has 0 polygons
2026-09-21 17:01:09 -0400: Memory Usage (580072K) : via1 has 105 polygons
2026-09-21 17:01:09 -0400: Memory Usage (580236K) : metal2_drawn has 102 polygons
2026-09-21 17:01:09 -0400: Memory Usage (580236K) : metal2_dummy has 0 polygons
2026-09-21 17:01:09 -0400: Memory Usage (580372K) : metal2_label has 0 polygons
2026-09-21 17:01:09 -0400: Memory Usage (580372K) : metal2_slot has 0 polygons
2026-09-21 17:01:09 -0400: Memory Usage (580508K) : metal2_blk has 0 polygons
2026-09-21 17:01:09 -0400: Memory Usage (580508K) : via2 has 114 polygons
2026-09-21 17:01:09 -0400: Memory Usage (580648K) : metal3_drawn has 55 polygons
2026-09-21 17:01:09 -0400: Memory Usage (580788K) : metal3_dummy has 0 polygons
2026-09-21 17:01:09 -0400: Memory Usage (580788K) : metal3_label has 0 polygons
2026-09-21 17:01:09 -0400: Memory Usage (580928K) : metal3_slot has 0 polygons
2026-09-21 17:01:09 -0400: Memory Usage (581068K) : metal3_blk has 0 polygons
2026-09-21 17:01:09 -0400: Memory Usage (581068K) : via3 has 526 polygons
2026-09-21 17:01:09 -0400: Memory Usage (581068K) : metal4_drawn has 16 polygons
2026-09-21 17:01:09 -0400: Memory Usage (581068K) : metal4_dummy has 0 polygons
2026-09-21 17:01:09 -0400: Memory Usage (581068K) : metal4_label has 0 polygons
2026-09-21 17:01:09 -0400: Memory Usage (581068K) : metal4_slot has 0 polygons
2026-09-21 17:01:09 -0400: Memory Usage (581068K) : metal4_blk has 0 polygons
2026-09-21 17:01:09 -0400: Memory Usage (581068K) : res_mk has 50 polygons
2026-09-21 17:01:09 -0400: Memory Usage (581068K) : fusetop has 30 polygons
2026-09-21 17:01:09 -0400: Memory Usage (581068K) : Starting GF180MCU ANTENNA layer derivations.
2026-09-21 17:01:09 -0400: Memory Usage (581068K) : Starting GF180MCU ANTENNA DRC rules.
2026-09-21 17:01:09 -0400: Memory Usage (581068K) : Construct connectivity for POLY
2026-09-21 17:01:09 -0400: Memory Usage (581068K) : Executing rule ANT.1
2026-09-21 17:01:09 -0400: Memory Usage (581068K) : Construct connectivity for CONTACT
2026-09-21 17:01:09 -0400: Memory Usage (581068K) : Executing rule ANT.8
2026-09-21 17:01:09 -0400: Memory Usage (581716K) : Construct connectivity for METAL1
2026-09-21 17:01:09 -0400: Memory Usage (581716K) : Executing rule ANT.16_i_ANT.2
2026-09-21 17:01:09 -0400: Memory Usage (581716K) : Executing rule ANT.16_ii_ANT.2
2026-09-21 17:01:09 -0400: Memory Usage (581716K) : Construct connectivity for VIA1
2026-09-21 17:01:09 -0400: Memory Usage (581716K) : Executing rule ANT.16_i_ANT.9
2026-09-21 17:01:09 -0400: Memory Usage (581716K) : Executing rule ANT.16_ii_ANT.9
2026-09-21 17:01:09 -0400: Memory Usage (581716K) : Construct connectivity for METAL2
2026-09-21 17:01:10 -0400: Memory Usage (581716K) : Executing rule ANT.16_i_ANT.3
2026-09-21 17:01:10 -0400: Memory Usage (581716K) : Executing rule ANT.16_ii_ANT.3
2026-09-21 17:01:10 -0400: Memory Usage (581716K) : Construct connectivity for VIA2
2026-09-21 17:01:10 -0400: Memory Usage (581716K) : Executing rule ANT.16_i_ANT.10
2026-09-21 17:01:10 -0400: Memory Usage (581716K) : Executing rule ANT.16_ii_ANT.10
2026-09-21 17:01:10 -0400: Memory Usage (581716K) : Construct connectivity for METAL3
2026-09-21 17:01:10 -0400: Memory Usage (581716K) : Executing rule ANT.16_i_ANT.4
2026-09-21 17:01:10 -0400: Memory Usage (581716K) : Executing rule ANT.16_ii_ANT.4
2026-09-21 17:01:10 -0400: Memory Usage (581716K) : Construct connectivity for VIA3
2026-09-21 17:01:10 -0400: Memory Usage (581716K) : Executing rule ANT.16_i_ANT.11
2026-09-21 17:01:10 -0400: Memory Usage (581716K) : Executing rule ANT.16_ii_ANT.11
2026-09-21 17:01:10 -0400: Memory Usage (581716K) : Construct connectivity for METAL4
2026-09-21 17:01:10 -0400: Memory Usage (581716K) : Executing rule ANT.16_i_ANT.5
2026-09-21 17:01:10 -0400: Memory Usage (581716K) : Executing rule ANT.16_ii_ANT.5
2026-09-21 17:01:10 -0400: Memory Usage (581716K) : Executing rule ANT.16_iii_ANT.14_MT_MIMB
2026-09-21 17:01:10 -0400: Memory Usage (581716K) : Antenna DRC total Run time: 1.1482312 seconds
21-Sep-2026 17:01:10 | INFO    | Running Global Foundries 180nm MCU /workspace/scratch/3ead7ec2ec0c/IC-Design-Studio/examples/gf180-banba/layout/banba-layout.gds checks on design density on cell banba_layout:
2026-09-21 17:01:11 -0400: Memory Usage (573268K) : Starting running GF180MCU Klayout DRC runset on /workspace/scratch/3ead7ec2ec0c/IC-Design-Studio/examples/gf180-banba/layout/banba-layout.gds
2026-09-21 17:01:11 -0400: Memory Usage (573268K) : Ruby Version for klayout: 3.2.3
2026-09-21 17:01:11 -0400: Memory Usage (579076K) : Loading database to memory is complete.
2026-09-21 17:01:11 -0400: Memory Usage (579076K) : GF180MCU Klayout density DRC runset output at: /workspace/scratch/3ead7ec2ec0c/IC-Design-Studio/build/banba-physical/repaired/drc/banba-layout_density.lyrdb
2026-09-21 17:01:11 -0400: Memory Usage (579076K) : Evaluate switches.
2026-09-21 17:01:11 -0400: Memory Usage (579076K) : Number of threads to use 2
2026-09-21 17:01:11 -0400: Memory Usage (579076K) : Verbose mode: false
2026-09-21 17:01:11 -0400: Memory Usage (579076K) : flat  mode is enabled.
2026-09-21 17:01:11 -0400: Memory Usage (579076K) : METAL_TOP Selected is 11K
2026-09-21 17:01:11 -0400: Memory Usage (579076K) : METAL_STACK Selected is 4LM
2026-09-21 17:01:11 -0400: Memory Usage (579076K) : Read in polygons from layers.
2026-09-21 17:01:11 -0400: Memory Usage (579076K) : dualgate has 0 polygons
2026-09-21 17:01:11 -0400: Memory Usage (579076K) : poly2 has 64 polygons
2026-09-21 17:01:11 -0400: Memory Usage (579688K) : contact has 2848 polygons
2026-09-21 17:01:11 -0400: Memory Usage (579688K) : metal1_drawn has 148 polygons
2026-09-21 17:01:11 -0400: Memory Usage (579688K) : metal1_dummy has 0 polygons
2026-09-21 17:01:11 -0400: Memory Usage (579688K) : metal1_label has 0 polygons
2026-09-21 17:01:12 -0400: Memory Usage (579688K) : metal1_slot has 0 polygons
2026-09-21 17:01:12 -0400: Memory Usage (579688K) : metal1_blk has 0 polygons
2026-09-21 17:01:12 -0400: Memory Usage (579832K) : via1 has 105 polygons
2026-09-21 17:01:12 -0400: Memory Usage (579976K) : metal2_drawn has 102 polygons
2026-09-21 17:01:12 -0400: Memory Usage (579976K) : metal2_dummy has 0 polygons
2026-09-21 17:01:12 -0400: Memory Usage (580112K) : metal2_label has 0 polygons
2026-09-21 17:01:12 -0400: Memory Usage (580112K) : metal2_slot has 0 polygons
2026-09-21 17:01:12 -0400: Memory Usage (580252K) : metal2_blk has 0 polygons
2026-09-21 17:01:12 -0400: Memory Usage (580252K) : via2 has 114 polygons
2026-09-21 17:01:12 -0400: Memory Usage (580388K) : metal3_drawn has 55 polygons
2026-09-21 17:01:12 -0400: Memory Usage (580528K) : metal3_dummy has 0 polygons
2026-09-21 17:01:12 -0400: Memory Usage (580528K) : metal3_label has 0 polygons
2026-09-21 17:01:12 -0400: Memory Usage (580668K) : metal3_slot has 0 polygons
2026-09-21 17:01:12 -0400: Memory Usage (580808K) : metal3_blk has 0 polygons
2026-09-21 17:01:12 -0400: Memory Usage (580808K) : via3 has 526 polygons
2026-09-21 17:01:12 -0400: Memory Usage (580952K) : metal4_drawn has 16 polygons
2026-09-21 17:01:12 -0400: Memory Usage (580952K) : metal4_dummy has 0 polygons
2026-09-21 17:01:12 -0400: Memory Usage (581088K) : metal4_label has 0 polygons
2026-09-21 17:01:12 -0400: Memory Usage (581228K) : metal4_slot has 0 polygons
2026-09-21 17:01:12 -0400: Memory Usage (581228K) : metal4_blk has 0 polygons
2026-09-21 17:01:12 -0400: Memory Usage (581228K) : Starting GF180MCU DENSITY layer derivations.
2026-09-21 17:01:12 -0400: Memory Usage (581368K) : Starting GF180MCU DENSITY DRC rules.
2026-09-21 17:01:12 -0400: Memory Usage (581368K) : Executing rule PL.8
2026-09-21 17:01:12 -0400: Memory Usage (581368K) : Executing rule M1.4
2026-09-21 17:01:12 -0400: Memory Usage (581368K) : Executing rule M2.4
2026-09-21 17:01:12 -0400: Memory Usage (581368K) : Executing rule M3.4
2026-09-21 17:01:12 -0400: Memory Usage (581368K) : Executing rule M4.4
2026-09-21 17:01:12 -0400: Memory Usage (581368K) : Executing rule MT.3
2026-09-21 17:01:12 -0400: Memory Usage (581368K) : DRC Total Run time 0.637468 seconds
21-Sep-2026 17:01:12 | INFO    | ## Generating template with for the following rule tables: ['lres.drc', 'dummy_exclude.drc', 'contact_split.drc', 'dnwell.drc', 'esd.drc', 'nat.drc', 'metal5.drc', 'mcell.drc', 'pplus.drc', 'contact.drc', 'geom.drc', 'mim_b.drc', 'metaltop.drc', 'nplus.drc', 'ldpmos.drc', 'lvpwell.drc', 'via4_split.drc', 'lvs_bjt.drc', 'pres.drc', 'metal2.drc', 'sram_5p0.drc', 'via2_split.drc', 'metaltop_30k.drc', 'via1.drc', 'ymtp_mk.drc', 'nwell.drc', 'hres.drc', 'sab.drc', 'drc_bjt.drc', 'via5.drc', 'mim_a.drc', 'dnwell_split.drc', 'ldnmos.drc', 'nat_split.drc', 'metal1_split.drc', 'via3.drc', 'efuse.drc', 'metal4.drc', 'poly2.drc', 'via2.drc', 'otp_mk.drc', 'via1_split.drc', 'ldpmos_split.drc', 'sram_3p3.drc', 'metal1.drc', 'nwell_split.drc', 'comp.drc', 'lvpwell_split.drc', 'via3_split.drc', 'ldnmos_split.drc', 'via4.drc', 'metal3.drc', 'dualgate.drc']
21-Sep-2026 17:01:12 | INFO    | ## Your run dir located at: /workspace/scratch/3ead7ec2ec0c/IC-Design-Studio/build/banba-physical/repaired/drc
21-Sep-2026 17:01:12 | INFO    | Running Global Foundries 180nm MCU /workspace/scratch/3ead7ec2ec0c/IC-Design-Studio/examples/gf180-banba/layout/banba-layout.gds checks on design main on cell banba_layout:
2026-09-21 17:01:14 -0400: Memory Usage (577688K) : Starting running GF180MCU Klayout DRC runset on /workspace/scratch/3ead7ec2ec0c/IC-Design-Studio/examples/gf180-banba/layout/banba-layout.gds
2026-09-21 17:01:14 -0400: Memory Usage (577688K) : Ruby Version for klayout: 3.2.3
2026-09-21 17:01:14 -0400: Memory Usage (579800K) : Loading database to memory is complete.
2026-09-21 17:01:14 -0400: Memory Usage (579800K) : GF180MCU Klayout DRC runset output at: /workspace/scratch/3ead7ec2ec0c/IC-Design-Studio/build/banba-physical/repaired/drc/banba-layout_main.lyrdb
2026-09-21 17:01:14 -0400: Memory Usage (579800K) : Evaluate switches.
2026-09-21 17:01:14 -0400: Memory Usage (579800K) : table_name selected  main
2026-09-21 17:01:14 -0400: Memory Usage (579800K) : CONNECTIVITY_RULES enabled: true
2026-09-21 17:01:14 -0400: Memory Usage (579800K) : Wedge enabled: false
2026-09-21 17:01:14 -0400: Memory Usage (579800K) : Ball enabled: false
2026-09-21 17:01:14 -0400: Memory Usage (579800K) : Gold enabled: false
2026-09-21 17:01:14 -0400: Memory Usage (579800K) : MIM Option selected: B
2026-09-21 17:01:14 -0400: Memory Usage (579800K) : Offgrid enabled:  true
2026-09-21 17:01:14 -0400: Memory Usage (579800K) : Number of threads to use 2
2026-09-21 17:01:14 -0400: Memory Usage (579800K) : Verbose mode: false
2026-09-21 17:01:14 -0400: Memory Usage (579800K) : flat  mode is enabled for main table
2026-09-21 17:01:14 -0400: Memory Usage (579800K) : METAL_TOP Selected is 11K
2026-09-21 17:01:14 -0400: Memory Usage (579800K) : METAL_STACK Selected is 4LM
2026-09-21 17:01:14 -0400: Memory Usage (579800K) : FEOL enabled: true
2026-09-21 17:01:14 -0400: Memory Usage (579800K) : BEOL enabled: true
2026-09-21 17:01:14 -0400: Memory Usage (579800K) : SLOW_VIA enabled: false
2026-09-21 17:01:14 -0400: Memory Usage (579800K) : Read in polygons from layers.
2026-09-21 17:01:14 -0400: Memory Usage (579972K) : comp has 106 polygons
2026-09-21 17:01:14 -0400: Memory Usage (579972K) : dnwell has 0 polygons
2026-09-21 17:01:14 -0400: Memory Usage (580120K) : nwell has 18 polygons
2026-09-21 17:01:14 -0400: Memory Usage (580120K) : lvpwell has 0 polygons
2026-09-21 17:01:14 -0400: Memory Usage (580260K) : dualgate has 0 polygons
2026-09-21 17:01:14 -0400: Memory Usage (580400K) : poly2 has 64 polygons
2026-09-21 17:01:14 -0400: Memory Usage (580400K) : nplus has 23 polygons
2026-09-21 17:01:14 -0400: Memory Usage (580536K) : pplus has 183 polygons
2026-09-21 17:01:14 -0400: Memory Usage (580536K) : sab has 50 polygons
2026-09-21 17:01:14 -0400: Memory Usage (580676K) : esd has 0 polygons
2026-09-21 17:01:14 -0400: Memory Usage (580676K) : resistor has 50 polygons
2026-09-21 17:01:14 -0400: Memory Usage (580816K) : fhres has 0 polygons
2026-09-21 17:01:14 -0400: Memory Usage (580956K) : fusetop has 30 polygons
2026-09-21 17:01:14 -0400: Memory Usage (580956K) : fusewindow_d has 0 polygons
2026-09-21 17:01:14 -0400: Memory Usage (581096K) : polyfuse has 0 polygons
2026-09-21 17:01:14 -0400: Memory Usage (581096K) : mvsd has 0 polygons
2026-09-21 17:01:14 -0400: Memory Usage (581232K) : mvpsd has 0 polygons
2026-09-21 17:01:14 -0400: Memory Usage (581232K) : nat has 0 polygons
2026-09-21 17:01:14 -0400: Memory Usage (581372K) : comp_dummy has 0 polygons
2026-09-21 17:01:14 -0400: Memory Usage (581372K) : poly2_dummy has 0 polygons
2026-09-21 17:01:14 -0400: Memory Usage (581372K) : schottky_diode has 0 polygons
2026-09-21 17:01:14 -0400: Memory Usage (581372K) : zener has 0 polygons
2026-09-21 17:01:14 -0400: Memory Usage (581372K) : res_mk has 50 polygons
2026-09-21 17:01:14 -0400: Memory Usage (581372K) : opc_drc has 0 polygons
2026-09-21 17:01:14 -0400: Memory Usage (581372K) : v5_xtor has 0 polygons
2026-09-21 17:01:14 -0400: Memory Usage (581372K) : cap_mk has 30 polygons
2026-09-21 17:01:14 -0400: Memory Usage (581372K) : mos_cap_mk has 0 polygons
2026-09-21 17:01:14 -0400: Memory Usage (581372K) : ind_mk has 0 polygons
2026-09-21 17:01:14 -0400: Memory Usage (581372K) : diode_mk has 0 polygons
2026-09-21 17:01:14 -0400: Memory Usage (581372K) : drc_bjt has 9 polygons
2026-09-21 17:01:14 -0400: Memory Usage (581372K) : lvs_bjt has 9 polygons
2026-09-21 17:01:14 -0400: Memory Usage (581372K) : mim_l_mk has 30 polygons
2026-09-21 17:01:14 -0400: Memory Usage (581372K) : latchup_mk has 0 polygons
2026-09-21 17:01:14 -0400: Memory Usage (581372K) : guard_ring_mk has 0 polygons
2026-09-21 17:01:14 -0400: Memory Usage (581372K) : otp_mk has 0 polygons
2026-09-21 17:01:14 -0400: Memory Usage (581372K) : mtpmark has 0 polygons
2026-09-21 17:01:14 -0400: Memory Usage (581372K) : neo_ee_mk has 0 polygons
2026-09-21 17:01:14 -0400: Memory Usage (581372K) : sramcore has 0 polygons
2026-09-21 17:01:15 -0400: Memory Usage (581512K) : lvs_rf has 0 polygons
2026-09-21 17:01:15 -0400: Memory Usage (581512K) : lvs_drain has 0 polygons
2026-09-21 17:01:15 -0400: Memory Usage (581652K) : ind_mk has 0 polygons
2026-09-21 17:01:15 -0400: Memory Usage (581652K) : hvpolyrs has 0 polygons
2026-09-21 17:01:15 -0400: Memory Usage (581788K) : lvs_io has 0 polygons
2026-09-21 17:01:15 -0400: Memory Usage (581788K) : probe_mk has 0 polygons
2026-09-21 17:01:15 -0400: Memory Usage (581928K) : esd_mk has 0 polygons
2026-09-21 17:01:15 -0400: Memory Usage (582068K) : lvs_source has 0 polygons
2026-09-21 17:01:15 -0400: Memory Usage (582068K) : well_diode_mk has 0 polygons
2026-09-21 17:01:15 -0400: Memory Usage (582208K) : ldmos_xtor has 0 polygons
2026-09-21 17:01:15 -0400: Memory Usage (582208K) : plfuse has 0 polygons
2026-09-21 17:01:15 -0400: Memory Usage (582348K) : efuse_mk has 0 polygons
2026-09-21 17:01:15 -0400: Memory Usage (582348K) : mcell_feol_mk has 0 polygons
2026-09-21 17:01:15 -0400: Memory Usage (582484K) : ymtp_mk has 0 polygons
2026-09-21 17:01:15 -0400: Memory Usage (582624K) : dev_wf_mk has 0 polygons
2026-09-21 17:01:15 -0400: Memory Usage (582624K) : comp_label has 0 polygons
2026-09-21 17:01:15 -0400: Memory Usage (582764K) : poly2_label has 0 polygons
2026-09-21 17:01:15 -0400: Memory Usage (582764K) : mdiode has 0 polygons
2026-09-21 17:01:15 -0400: Memory Usage (582904K) : ndmy has 0 polygons
2026-09-21 17:01:15 -0400: Memory Usage (582904K) : pmndmy has 0 polygons
2026-09-21 17:01:15 -0400: Memory Usage (583612K) : contact has 2848 polygons
2026-09-21 17:01:15 -0400: Memory Usage (583612K) : metal1_drawn has 148 polygons
2026-09-21 17:01:15 -0400: Memory Usage (583612K) : metal1_dummy has 0 polygons
2026-09-21 17:01:15 -0400: Memory Usage (583612K) : metal1_label has 0 polygons
2026-09-21 17:01:15 -0400: Memory Usage (583612K) : metal1_slot has 0 polygons
2026-09-21 17:01:15 -0400: Memory Usage (583612K) : metal1_blk has 0 polygons
2026-09-21 17:01:15 -0400: Memory Usage (583612K) : via1 has 105 polygons
2026-09-21 17:01:15 -0400: Memory Usage (583612K) : metal2_drawn has 102 polygons
2026-09-21 17:01:15 -0400: Memory Usage (583612K) : metal2_dummy has 0 polygons
2026-09-21 17:01:15 -0400: Memory Usage (583612K) : metal2_label has 0 polygons
2026-09-21 17:01:15 -0400: Memory Usage (583612K) : metal2_slot has 0 polygons
2026-09-21 17:01:15 -0400: Memory Usage (583612K) : metal2_blk has 0 polygons
2026-09-21 17:01:15 -0400: Memory Usage (583612K) : via2 has 114 polygons
2026-09-21 17:01:15 -0400: Memory Usage (583612K) : metal3_drawn has 55 polygons
2026-09-21 17:01:15 -0400: Memory Usage (583612K) : metal3_dummy has 0 polygons
2026-09-21 17:01:15 -0400: Memory Usage (583612K) : metal3_label has 0 polygons
2026-09-21 17:01:15 -0400: Memory Usage (583612K) : metal3_slot has 0 polygons
2026-09-21 17:01:15 -0400: Memory Usage (583612K) : metal3_blk has 0 polygons
2026-09-21 17:01:15 -0400: Memory Usage (583612K) : via3 has 526 polygons
2026-09-21 17:01:15 -0400: Memory Usage (583612K) : metal4_drawn has 16 polygons
2026-09-21 17:01:15 -0400: Memory Usage (583612K) : metal4_dummy has 0 polygons
2026-09-21 17:01:15 -0400: Memory Usage (583612K) : metal4_label has 0 polygons
2026-09-21 17:01:15 -0400: Memory Usage (583612K) : metal4_slot has 0 polygons
2026-09-21 17:01:15 -0400: Memory Usage (583612K) : metal4_blk has 0 polygons
2026-09-21 17:01:15 -0400: Memory Usage (583612K) : pad has 0 polygons
2026-09-21 17:01:15 -0400: Memory Usage (583612K) : ubmpperi has 0 polygons
2026-09-21 17:01:15 -0400: Memory Usage (583612K) : ubmparray has 0 polygons
2026-09-21 17:01:15 -0400: Memory Usage (583612K) : ubmeplate has 0 polygons
2026-09-21 17:01:15 -0400: Memory Usage (583612K) : metal1_res has 0 polygons
2026-09-21 17:01:15 -0400: Memory Usage (583612K) : metal2_res has 0 polygons
2026-09-21 17:01:15 -0400: Memory Usage (583612K) : metal3_res has 0 polygons
2026-09-21 17:01:15 -0400: Memory Usage (583612K) : metal4_res has 0 polygons
2026-09-21 17:01:15 -0400: Memory Usage (583612K) : metal5_res has 0 polygons
2026-09-21 17:01:15 -0400: Memory Usage (583612K) : metal6_res has 0 polygons
2026-09-21 17:01:15 -0400: Memory Usage (583612K) : pr_bndry has 0 polygons
2026-09-21 17:01:15 -0400: Memory Usage (583612K) : border has 0 polygons
2026-09-21 17:01:15 -0400: Memory Usage (583612K) : Total no. of polygons in the design is 4566
2026-09-21 17:01:15 -0400: Memory Usage (583612K) : Starting deriving base layers.
2026-09-21 17:01:15 -0400: Memory Usage (584872K) : Construct connectivity for the design.
2026-09-21 17:01:15 -0400: Memory Usage (584872K) : Connectivity rules enabled, Netlist object will be generated.
2026-09-21 17:01:15 -0400: Memory Usage (585456K) : Total area of the design is 482714.64999999997 um^2.
2026-09-21 17:01:15 -0400: Memory Usage (585456K) : Starting GF180MCU DRC rules.
2026-09-21 17:01:15 -0400: Memory Usage (585456K) : Running all FEOL rules
2026-09-21 17:01:15 -0400: Memory Usage (585456K) : Running all BEOL rules
2026-09-21 17:01:15 -0400: Memory Usage (585456K) : Starting LRES derivations
2026-09-21 17:01:15 -0400: Memory Usage (585456K) : Executing rule LRES.1
2026-09-21 17:01:15 -0400: Memory Usage (585456K) : Executing rule LRES.2
2026-09-21 17:01:15 -0400: Memory Usage (585456K) : Executing rule LRES.3
2026-09-21 17:01:15 -0400: Memory Usage (585456K) : Executing rule LRES.4
2026-09-21 17:01:15 -0400: Memory Usage (585456K) : Executing rule LRES.5
2026-09-21 17:01:15 -0400: Memory Usage (585456K) : Executing rule LRES.6
2026-09-21 17:01:15 -0400: Memory Usage (585456K) : Executing rule LRES.7
2026-09-21 17:01:15 -0400: Memory Usage (585456K) : Executing rule LRES.9a
2026-09-21 17:01:15 -0400: Memory Usage (585456K) : Executing rule LRES.9b
2026-09-21 17:01:15 -0400: Memory Usage (585456K) : Executing rule DE.2
2026-09-21 17:01:15 -0400: Memory Usage (585456K) : Executing rule DE.3
2026-09-21 17:01:15 -0400: Memory Usage (585456K) : Executing rule DE.4
2026-09-21 17:01:15 -0400: Memory Usage (585456K) : Executing rule DN.1
2026-09-21 17:01:15 -0400: Memory Usage (585456K) : CONNECTIVITY_RULES section
2026-09-21 17:01:16 -0400: Memory Usage (585456K) : Executing rule DN.2a
2026-09-21 17:01:16 -0400: Memory Usage (585456K) : Executing rule DN.2b
2026-09-21 17:01:16 -0400: Memory Usage (585456K) : Executing rule DN.3
2026-09-21 17:01:16 -0400: Memory Usage (585456K) : Starting ESD derivations
2026-09-21 17:01:16 -0400: Memory Usage (585456K) : Executing rule ESD.1
2026-09-21 17:01:16 -0400: Memory Usage (585456K) : Executing rule ESD.2
2026-09-21 17:01:16 -0400: Memory Usage (585456K) : Executing rule ESD.3a
2026-09-21 17:01:16 -0400: Memory Usage (585456K) : Executing rule ESD.3b
2026-09-21 17:01:16 -0400: Memory Usage (585456K) : Executing rule ESD.4a
2026-09-21 17:01:16 -0400: Memory Usage (585456K) : Executing rule ESD.4b
2026-09-21 17:01:16 -0400: Memory Usage (585456K) : Executing rule ESD.5a
2026-09-21 17:01:16 -0400: Memory Usage (585456K) : Executing rule ESD.5b
2026-09-21 17:01:16 -0400: Memory Usage (585456K) : Executing rule ESD.6
2026-09-21 17:01:16 -0400: Memory Usage (585456K) : Executing rule ESD.7
2026-09-21 17:01:16 -0400: Memory Usage (585456K) : Executing rule ESD.8
2026-09-21 17:01:16 -0400: Memory Usage (585456K) : Executing rule ESD.pl
2026-09-21 17:01:16 -0400: Memory Usage (585456K) : Executing rule ESD.9
2026-09-21 17:01:16 -0400: Memory Usage (585456K) : Executing rule ESD.10
2026-09-21 17:01:16 -0400: Memory Usage (585456K) : Starting NAT derivations
2026-09-21 17:01:16 -0400: Memory Usage (585456K) : Executing rule NAT.1
2026-09-21 17:01:16 -0400: Memory Usage (585456K) : Executing rule NAT.2
2026-09-21 17:01:16 -0400: Memory Usage (585456K) : Executing rule NAT.3
2026-09-21 17:01:16 -0400: Memory Usage (585600K) : Executing rule NAT.4
2026-09-21 17:01:16 -0400: Memory Usage (585740K) : Executing rule NAT.5
2026-09-21 17:01:16 -0400: Memory Usage (586020K) : CONNECTIVITY_RULES section
2026-09-21 17:01:16 -0400: Memory Usage (586296K) : Executing rule NAT.6
2026-09-21 17:01:16 -0400: Memory Usage (586436K) : Executing rule NAT.7
2026-09-21 17:01:16 -0400: Memory Usage (586436K) : Executing rule NAT.8
2026-09-21 17:01:16 -0400: Memory Usage (586436K) : Executing rule NAT.9
2026-09-21 17:01:16 -0400: Memory Usage (586436K) : Executing rule NAT.10
2026-09-21 17:01:16 -0400: Memory Usage (586436K) : Executing rule NAT.11
2026-09-21 17:01:16 -0400: Memory Usage (586436K) : Executing rule NAT.12
2026-09-21 17:01:16 -0400: Memory Usage (586436K) : Executing rule MC.1
2026-09-21 17:01:16 -0400: Memory Usage (586436K) : Executing rule MC.2
2026-09-21 17:01:16 -0400: Memory Usage (586436K) : Executing rule MC.3
2026-09-21 17:01:16 -0400: Memory Usage (586436K) : Executing rule MC.4
2026-09-21 17:01:16 -0400: Memory Usage (586436K) : Starting PPLUS derivations
2026-09-21 17:01:16 -0400: Memory Usage (586436K) : Executing rule PP.1
2026-09-21 17:01:16 -0400: Memory Usage (586436K) : Executing rule PP.2
2026-09-21 17:01:16 -0400: Memory Usage (586436K) : Executing rule PP.3a
2026-09-21 17:01:16 -0400: Memory Usage (586436K) : Executing rule PP.3bi
2026-09-21 17:01:16 -0400: Memory Usage (586436K) : Executing rule PP.3bii
2026-09-21 17:01:16 -0400: Memory Usage (586436K) : Executing rule PP.3ci
2026-09-21 17:01:16 -0400: Memory Usage (586436K) : Executing rule PP.3cii
2026-09-21 17:01:16 -0400: Memory Usage (586436K) : Executing rule PP.3d
2026-09-21 17:01:16 -0400: Memory Usage (586436K) : Executing rule PP.3e
2026-09-21 17:01:16 -0400: Memory Usage (586436K) : Executing rule PP.4a
2026-09-21 17:01:16 -0400: Memory Usage (586436K) : Executing rule PP.4b
2026-09-21 17:01:16 -0400: Memory Usage (586436K) : Executing rule PP.5a
2026-09-21 17:01:16 -0400: Memory Usage (586436K) : Executing rule PP.5b
2026-09-21 17:01:16 -0400: Memory Usage (586436K) : Executing rule PP.5ci
2026-09-21 17:01:16 -0400: Memory Usage (586436K) : Executing rule PP.5cii
2026-09-21 17:01:16 -0400: Memory Usage (586436K) : Executing rule PP.5di
2026-09-21 17:01:16 -0400: Memory Usage (586436K) : Executing rule PP.5dii
2026-09-21 17:01:16 -0400: Memory Usage (586436K) : Executing rule PP.6
2026-09-21 17:01:16 -0400: Memory Usage (586436K) : Executing rule PP.7
2026-09-21 17:01:16 -0400: Memory Usage (586436K) : Executing rule PP.8a
2026-09-21 17:01:16 -0400: Memory Usage (586436K) : Executing rule PP.8b
2026-09-21 17:01:16 -0400: Memory Usage (586576K) : Executing rule PP.9
2026-09-21 17:01:16 -0400: Memory Usage (586916K) : Executing rule PP.10
2026-09-21 17:01:16 -0400: Memory Usage (587056K) : Executing rule PP.11
2026-09-21 17:01:16 -0400: Memory Usage (587336K) : Executing rule PP.12
2026-09-21 17:01:16 -0400: Memory Usage (587612K) : Starting CONTACT derivations
2026-09-21 17:01:16 -0400: Memory Usage (588240K) : Executing rule CO.1
2026-09-21 17:01:16 -0400: Memory Usage (588240K) : Executing rule CO.2a
2026-09-21 17:01:16 -0400: Memory Usage (588240K) : Executing rule CO.2b
2026-09-21 17:01:16 -0400: Memory Usage (588240K) : Executing rule CO.3
2026-09-21 17:01:16 -0400: Memory Usage (588240K) : Executing rule CO.4
2026-09-21 17:01:16 -0400: Memory Usage (588240K) : Executing rule CO.5a
2026-09-21 17:01:17 -0400: Memory Usage (588240K) : Executing rule CO.5b
2026-09-21 17:01:17 -0400: Memory Usage (588240K) : Executing rule CO.6
2026-09-21 17:01:17 -0400: Memory Usage (588240K) : Executing rule CO.6a
2026-09-21 17:01:17 -0400: Memory Usage (588240K) : Executing rule CO.6b
2026-09-21 17:01:17 -0400: Memory Usage (588240K) : Executing rule CO.7
2026-09-21 17:01:17 -0400: Memory Usage (588240K) : Executing rule CO.8
2026-09-21 17:01:17 -0400: Memory Usage (588240K) : Executing rule CO.9
2026-09-21 17:01:17 -0400: Memory Usage (588240K) : Executing rule CO.10
2026-09-21 17:01:17 -0400: Memory Usage (588240K) : Executing rule CO.11
2026-09-21 17:01:17 -0400: Memory Usage (588240K) : OFFGRID-ANGLES section
2026-09-21 17:01:17 -0400: Memory Usage (588240K) : Executing rule comp_OFFGRID
2026-09-21 17:01:17 -0400: Memory Usage (588240K) : Executing rule dnwell_OFFGRID
2026-09-21 17:01:17 -0400: Memory Usage (588240K) : Executing rule nwell_OFFGRID
2026-09-21 17:01:17 -0400: Memory Usage (588240K) : Executing rule lvpwell_OFFGRID
2026-09-21 17:01:17 -0400: Memory Usage (588240K) : Executing rule dualgate_OFFGRID
2026-09-21 17:01:17 -0400: Memory Usage (588240K) : Executing rule poly2_OFFGRID
2026-09-21 17:01:17 -0400: Memory Usage (588240K) : Executing rule nplus_OFFGRID
2026-09-21 17:01:17 -0400: Memory Usage (588240K) : Executing rule pplus_OFFGRID
2026-09-21 17:01:17 -0400: Memory Usage (588240K) : Executing rule sab_OFFGRID
2026-09-21 17:01:17 -0400: Memory Usage (588240K) : Executing rule esd_OFFGRID
2026-09-21 17:01:17 -0400: Memory Usage (588240K) : Executing rule resistor_OFFGRID
2026-09-21 17:01:17 -0400: Memory Usage (588240K) : Executing rule fhres_OFFGRID
2026-09-21 17:01:17 -0400: Memory Usage (588240K) : Executing rule fusetop_OFFGRID
2026-09-21 17:01:17 -0400: Memory Usage (588240K) : Executing rule fusewindow_d_OFFGRID
2026-09-21 17:01:17 -0400: Memory Usage (588240K) : Executing rule polyfuse_OFFGRID
2026-09-21 17:01:17 -0400: Memory Usage (588240K) : Executing rule mvsd_OFFGRID
2026-09-21 17:01:17 -0400: Memory Usage (588240K) : Executing rule mvpsd_OFFGRID
2026-09-21 17:01:17 -0400: Memory Usage (588240K) : Executing rule nat_OFFGRID
2026-09-21 17:01:17 -0400: Memory Usage (588240K) : Executing rule comp_dummy_OFFGRID
2026-09-21 17:01:17 -0400: Memory Usage (588240K) : Executing rule poly2_dummy_OFFGRID
2026-09-21 17:01:17 -0400: Memory Usage (588240K) : Executing rule schottky_diode_OFFGRID
2026-09-21 17:01:17 -0400: Memory Usage (588240K) : Executing rule zener_OFFGRID
2026-09-21 17:01:17 -0400: Memory Usage (588240K) : Executing rule res_mk_OFFGRID
2026-09-21 17:01:17 -0400: Memory Usage (588240K) : Executing rule opc_drc_OFFGRID
2026-09-21 17:01:17 -0400: Memory Usage (588240K) : Executing rule ndmy_OFFGRID
2026-09-21 17:01:17 -0400: Memory Usage (588240K) : Executing rule pmndmy_OFFGRID
2026-09-21 17:01:17 -0400: Memory Usage (588240K) : Executing rule v5_xtor_OFFGRID
2026-09-21 17:01:17 -0400: Memory Usage (588240K) : Executing rule cap_mk_OFFGRID
2026-09-21 17:01:17 -0400: Memory Usage (588240K) : Executing rule mos_cap_mk_OFFGRID
2026-09-21 17:01:17 -0400: Memory Usage (588240K) : Executing rule ind_mk_OFFGRID
2026-09-21 17:01:17 -0400: Memory Usage (588240K) : Executing rule diode_mk_OFFGRID
2026-09-21 17:01:17 -0400: Memory Usage (588240K) : Executing rule drc_bjt_OFFGRID
2026-09-21 17:01:17 -0400: Memory Usage (588380K) : Executing rule lvs_bjt_OFFGRID
2026-09-21 17:01:17 -0400: Memory Usage (588656K) : Executing rule mim_l_mk_OFFGRID
2026-09-21 17:01:17 -0400: Memory Usage (589076K) : Executing rule latchup_mk_OFFGRID
2026-09-21 17:01:17 -0400: Memory Usage (589416K) : Executing rule guard_ring_mk_OFFGRID
2026-09-21 17:01:17 -0400: Memory Usage (589696K) : Executing rule otp_mk_OFFGRID
2026-09-21 17:01:17 -0400: Memory Usage (590112K) : Executing rule mtpmark_OFFGRID
2026-09-21 17:01:17 -0400: Memory Usage (590392K) : Executing rule neo_ee_mk_OFFGRID
2026-09-21 17:01:17 -0400: Memory Usage (590668K) : Executing rule sramcore_OFFGRID
2026-09-21 17:01:17 -0400: Memory Usage (590948K) : Executing rule lvs_rf_OFFGRID
2026-09-21 17:01:17 -0400: Memory Usage (591364K) : Executing rule lvs_drain_OFFGRID
2026-09-21 17:01:17 -0400: Memory Usage (591708K) : Executing rule ind_mk_OFFGRID
2026-09-21 17:01:17 -0400: Memory Usage (591984K) : Executing rule hvpolyrs_OFFGRID
2026-09-21 17:01:17 -0400: Memory Usage (592404K) : Executing rule lvs_io_OFFGRID
2026-09-21 17:01:17 -0400: Memory Usage (592404K) : Executing rule probe_mk_OFFGRID
2026-09-21 17:01:17 -0400: Memory Usage (592404K) : Executing rule esd_mk_OFFGRID
2026-09-21 17:01:17 -0400: Memory Usage (592404K) : Executing rule lvs_source_OFFGRID
2026-09-21 17:01:17 -0400: Memory Usage (592404K) : Executing rule well_diode_mk_OFFGRID
2026-09-21 17:01:17 -0400: Memory Usage (592404K) : Executing rule ldmos_xtor_OFFGRID
2026-09-21 17:01:17 -0400: Memory Usage (592404K) : Executing rule plfuse_OFFGRID
2026-09-21 17:01:18 -0400: Memory Usage (592404K) : Executing rule efuse_mk_OFFGRID
2026-09-21 17:01:18 -0400: Memory Usage (592404K) : Executing rule mcell_feol_mk_OFFGRID
2026-09-21 17:01:18 -0400: Memory Usage (592404K) : Executing rule ymtp_mk_OFFGRID
2026-09-21 17:01:18 -0400: Memory Usage (592404K) : Executing rule dev_wf_mk_OFFGRID
2026-09-21 17:01:18 -0400: Memory Usage (592404K) : Executing rule comp_label_OFFGRID
2026-09-21 17:01:18 -0400: Memory Usage (592404K) : Executing rule poly2_label_OFFGRID
2026-09-21 17:01:18 -0400: Memory Usage (592404K) : Executing rule mdiode_OFFGRID
2026-09-21 17:01:18 -0400: Memory Usage (592404K) : Executing rule contact_OFFGRID
2026-09-21 17:01:18 -0400: Memory Usage (592404K) : Executing rule metal1_OFFGRID
2026-09-21 17:01:18 -0400: Memory Usage (592404K) : Executing rule metal1_slot_OFFGRID
2026-09-21 17:01:18 -0400: Memory Usage (592404K) : Executing rule metal1_blk_OFFGRID
2026-09-21 17:01:18 -0400: Memory Usage (592404K) : Executing rule metal1_label_OFFGRID
2026-09-21 17:01:18 -0400: Memory Usage (592404K) : Executing rule via1_OFFGRID
2026-09-21 17:01:18 -0400: Memory Usage (592404K) : Executing rule metal2_OFFGRID
2026-09-21 17:01:18 -0400: Memory Usage (592404K) : Executing rule metal2_label_OFFGRID
2026-09-21 17:01:18 -0400: Memory Usage (592404K) : Executing rule metal2_slot_OFFGRID
2026-09-21 17:01:18 -0400: Memory Usage (592404K) : Executing rule metal2_blk_OFFGRID
2026-09-21 17:01:18 -0400: Memory Usage (592404K) : Executing rule via2_OFFGRID
2026-09-21 17:01:18 -0400: Memory Usage (592404K) : Executing rule metal3_OFFGRID
2026-09-21 17:01:18 -0400: Memory Usage (592404K) : Executing rule metal3_dummy_OFFGRID
2026-09-21 17:01:18 -0400: Memory Usage (592404K) : Executing rule metal3_label_OFFGRID
2026-09-21 17:01:18 -0400: Memory Usage (592404K) : Executing rule metal3_blk_OFFGRID
2026-09-21 17:01:18 -0400: Memory Usage (592404K) : Executing rule via3_OFFGRID
2026-09-21 17:01:18 -0400: Memory Usage (592404K) : Executing rule metal4_OFFGRID
2026-09-21 17:01:18 -0400: Memory Usage (592404K) : Executing rule metal4_dummy_OFFGRID
2026-09-21 17:01:18 -0400: Memory Usage (592404K) : Executing rule metal4_label_OFFGRID
2026-09-21 17:01:18 -0400: Memory Usage (592680K) : Executing rule metal4_blk_OFFGRID
2026-09-21 17:01:18 -0400: Memory Usage (592960K) : Executing rule pad_OFFGRID
2026-09-21 17:01:18 -0400: Memory Usage (592960K) : Executing rule ubmpperi_OFFGRID
2026-09-21 17:01:18 -0400: Memory Usage (592960K) : Executing rule ubmparray_OFFGRID
2026-09-21 17:01:18 -0400: Memory Usage (592960K) : Executing rule ubmeplate_OFFGRID
2026-09-21 17:01:18 -0400: Memory Usage (592960K) : Executing rule metal1_res_OFFGRID
2026-09-21 17:01:18 -0400: Memory Usage (592960K) : Executing rule metal2_res_OFFGRID
2026-09-21 17:01:18 -0400: Memory Usage (592960K) : Executing rule metal3_res_OFFGRID
2026-09-21 17:01:18 -0400: Memory Usage (592960K) : Executing rule metal4_res_OFFGRID
2026-09-21 17:01:18 -0400: Memory Usage (592960K) : Executing rule metal5_res_OFFGRID
2026-09-21 17:01:18 -0400: Memory Usage (592960K) : Executing rule metal6_res_OFFGRID
2026-09-21 17:01:18 -0400: Memory Usage (592960K) : Executing rule pr_bndry_OFFGRID
2026-09-21 17:01:18 -0400: Memory Usage (592960K) : Executing rule border_OFFGRID
2026-09-21 17:01:18 -0400: Memory Usage (592960K) : MIM Capacitor Option B section
2026-09-21 17:01:18 -0400: Memory Usage (592960K) : Executing rule MIMTM.1
2026-09-21 17:01:18 -0400: Memory Usage (592960K) : Executing rule MIMTM.2
2026-09-21 17:01:18 -0400: Memory Usage (592960K) : Executing rule MIMTM.3
2026-09-21 17:01:18 -0400: Memory Usage (592960K) : Executing rule MIMTM.4
2026-09-21 17:01:18 -0400: Memory Usage (592960K) : Executing rule MIMTM.5
2026-09-21 17:01:18 -0400: Memory Usage (592960K) : Executing rule MIMTM.6
2026-09-21 17:01:18 -0400: Memory Usage (592960K) : Executing rule MIMTM.7
2026-09-21 17:01:18 -0400: Memory Usage (592960K) : Executing rule MIMTM.8a
2026-09-21 17:01:18 -0400: Memory Usage (592960K) : Executing rule MIMTM.8b
2026-09-21 17:01:18 -0400: Memory Usage (592960K) : Executing rule MIMTM.9
2026-09-21 17:01:18 -0400: Memory Usage (592960K) : Executing rule MIMTM.10
2026-09-21 17:01:18 -0400: Memory Usage (592960K) : Executing rule MIMTM.11
2026-09-21 17:01:18 -0400: Memory Usage (592960K) : MetalTop thickness 9k/11k section
2026-09-21 17:01:18 -0400: Memory Usage (592960K) : Executing rule MT.1
2026-09-21 17:01:18 -0400: Memory Usage (592960K) : Executing rule MT.2a
2026-09-21 17:01:18 -0400: Memory Usage (592960K) : Executing rule MT.2b
2026-09-21 17:01:18 -0400: Memory Usage (592960K) : Executing rule MT.4
2026-09-21 17:01:18 -0400: Memory Usage (592960K) : Starting NPLUS derivations
2026-09-21 17:01:18 -0400: Memory Usage (592960K) : Executing rule NP.1
2026-09-21 17:01:18 -0400: Memory Usage (592960K) : Executing rule NP.2
2026-09-21 17:01:18 -0400: Memory Usage (592960K) : Executing rule NP.3a
2026-09-21 17:01:18 -0400: Memory Usage (592960K) : Executing rule NP.3bi
2026-09-21 17:01:18 -0400: Memory Usage (592960K) : Executing rule NP.3bii
2026-09-21 17:01:18 -0400: Memory Usage (592960K) : Executing rule NP.3ci
2026-09-21 17:01:18 -0400: Memory Usage (592960K) : Executing rule NP.3cii
2026-09-21 17:01:18 -0400: Memory Usage (592960K) : Executing rule NP.3d
2026-09-21 17:01:18 -0400: Memory Usage (592960K) : Executing rule NP.3e
2026-09-21 17:01:19 -0400: Memory Usage (592960K) : Executing rule NP.4a
2026-09-21 17:01:19 -0400: Memory Usage (592960K) : Executing rule NP.4b
2026-09-21 17:01:19 -0400: Memory Usage (592960K) : Executing rule NP.5a
2026-09-21 17:01:19 -0400: Memory Usage (592960K) : Executing rule PP.5b
2026-09-21 17:01:19 -0400: Memory Usage (592960K) : Executing rule NP.5ci
2026-09-21 17:01:19 -0400: Memory Usage (592960K) : Executing rule NP.5cii
2026-09-21 17:01:19 -0400: Memory Usage (592960K) : Executing rule NP.5di
2026-09-21 17:01:19 -0400: Memory Usage (592960K) : Executing rule NP.5dii
2026-09-21 17:01:19 -0400: Memory Usage (592960K) : Executing rule NP.6
2026-09-21 17:01:19 -0400: Memory Usage (592960K) : Executing rule NP.7
2026-09-21 17:01:19 -0400: Memory Usage (592960K) : Executing rule NP.8a
2026-09-21 17:01:19 -0400: Memory Usage (592960K) : Executing rule NP.8b
2026-09-21 17:01:19 -0400: Memory Usage (592960K) : Executing rule NP.9
2026-09-21 17:01:19 -0400: Memory Usage (592960K) : Executing rule NP.10
2026-09-21 17:01:19 -0400: Memory Usage (592960K) : Executing rule NP.11
2026-09-21 17:01:19 -0400: Memory Usage (592960K) : Executing rule NP.12
2026-09-21 17:01:19 -0400: Memory Usage (592960K) : Executing rule MDP.1
2026-09-21 17:01:19 -0400: Memory Usage (592960K) : Executing rule MDP.1a
2026-09-21 17:01:19 -0400: Memory Usage (592960K) : Executing rule MDP.2
2026-09-21 17:01:19 -0400: Memory Usage (592960K) : Executing rule MDP.3
2026-09-21 17:01:19 -0400: Memory Usage (592960K) : Executing rule MDP.3ai
2026-09-21 17:01:19 -0400: Memory Usage (592960K) : Executing rule MDP.3aii
2026-09-21 17:01:19 -0400: Memory Usage (592960K) : Executing rule MDP.3b
2026-09-21 17:01:19 -0400: Memory Usage (592960K) : Executing rule MDP.3c
2026-09-21 17:01:19 -0400: Memory Usage (592960K) : Executing rule MDP.3d
2026-09-21 17:01:19 -0400: Memory Usage (592960K) : Executing rule MDP.4
2026-09-21 17:01:19 -0400: Memory Usage (592960K) : Executing rule MDP.4a
2026-09-21 17:01:19 -0400: Memory Usage (592960K) : Executing rule MDP.4b
2026-09-21 17:01:19 -0400: Memory Usage (592960K) : Executing rule MDP.5
2026-09-21 17:01:19 -0400: Memory Usage (592960K) : Executing rule MDP.5a
2026-09-21 17:01:19 -0400: Memory Usage (592960K) : Executing rule MDP.6
2026-09-21 17:01:19 -0400: Memory Usage (592960K) : Executing rule MDP.6a
2026-09-21 17:01:19 -0400: Memory Usage (592960K) : Executing rule MDP.7
2026-09-21 17:01:19 -0400: Memory Usage (592960K) : Executing rule MDP.8
2026-09-21 17:01:19 -0400: Memory Usage (592960K) : Executing rule MDP.9a
2026-09-21 17:01:19 -0400: Memory Usage (592960K) : Executing rule MDP.9b
2026-09-21 17:01:19 -0400: Memory Usage (592960K) : Executing rule MDP.9c
2026-09-21 17:01:19 -0400: Memory Usage (592960K) : Executing rule MDP.9d
2026-09-21 17:01:19 -0400: Memory Usage (592960K) : Executing rule MDP.9ei
2026-09-21 17:01:19 -0400: Memory Usage (592960K) : Executing rule MDP.9eii
2026-09-21 17:01:19 -0400: Memory Usage (592960K) : Executing rule MDP.9f
2026-09-21 17:01:19 -0400: Memory Usage (592960K) : Executing rule MDP.10
2026-09-21 17:01:19 -0400: Memory Usage (592960K) : CONNECTIVITY_RULES section
2026-09-21 17:01:19 -0400: Memory Usage (592960K) : Executing rule MDP.10a
2026-09-21 17:01:19 -0400: Memory Usage (592960K) : Executing rule MDP.10b
2026-09-21 17:01:19 -0400: Memory Usage (592960K) : Executing rule MDP.11
2026-09-21 17:01:19 -0400: Memory Usage (592960K) : Executing rule MDP.12
2026-09-21 17:01:19 -0400: Memory Usage (592960K) : Executing rule MDP.13a
2026-09-21 17:01:19 -0400: Memory Usage (592960K) : Executing rule MDP.13b
2026-09-21 17:01:19 -0400: Memory Usage (592960K) : Executing rule MDP.13c
2026-09-21 17:01:19 -0400: Memory Usage (592960K) : Executing rule MDP.15
2026-09-21 17:01:19 -0400: Memory Usage (592960K) : Executing rule MDP.16a
2026-09-21 17:01:19 -0400: Memory Usage (592960K) : Executing rule MDP.16b
2026-09-21 17:01:19 -0400: Memory Usage (592960K) : Executing rule MDP.17a
2026-09-21 17:01:19 -0400: Memory Usage (592960K) : Executing rule MDP.17c
2026-09-21 17:01:19 -0400: Memory Usage (592960K) : Starting LVPWELL derivations
2026-09-21 17:01:19 -0400: Memory Usage (592960K) : Executing rule LPW.1_LV
2026-09-21 17:01:19 -0400: Memory Usage (592960K) : Executing rule LPW.1_MV
2026-09-21 17:01:19 -0400: Memory Usage (592960K) : CONNECTIVITY_RULES section
2026-09-21 17:01:19 -0400: Memory Usage (592960K) : Executing rule LPW.2a_LV
2026-09-21 17:01:19 -0400: Memory Usage (592960K) : Executing rule LPW.2a_MV
2026-09-21 17:01:19 -0400: Memory Usage (592960K) : Executing rule LPW.2b_LV
2026-09-21 17:01:19 -0400: Memory Usage (592960K) : Executing rule LPW.2b_MV
2026-09-21 17:01:19 -0400: Memory Usage (592960K) : Executing rule LPW.3_LV
2026-09-21 17:01:19 -0400: Memory Usage (592960K) : Executing rule LPW.5
2026-09-21 17:01:19 -0400: Memory Usage (592960K) : Executing rule LPW.11
2026-09-21 17:01:19 -0400: Memory Usage (592960K) : Executing rule LPW.12
2026-09-21 17:01:19 -0400: Memory Usage (592960K) : Executing rule LVS_BJT.1
2026-09-21 17:01:19 -0400: Memory Usage (592960K) : Starting PRES derivations
2026-09-21 17:01:20 -0400: Memory Usage (592960K) : Executing rule PRES.1
2026-09-21 17:01:20 -0400: Memory Usage (592960K) : Executing rule PRES.2
2026-09-21 17:01:20 -0400: Memory Usage (592960K) : Executing rule PRES.3
2026-09-21 17:01:20 -0400: Memory Usage (592960K) : Executing rule PRES.4
2026-09-21 17:01:20 -0400: Memory Usage (592960K) : Executing rule PRES.5
2026-09-21 17:01:20 -0400: Memory Usage (592960K) : Executing rule PRES.6
2026-09-21 17:01:20 -0400: Memory Usage (592960K) : Executing rule PRES.7
2026-09-21 17:01:20 -0400: Memory Usage (592960K) : Executing rule PRES.9a
2026-09-21 17:01:20 -0400: Memory Usage (592960K) : Executing rule PRES.9b
2026-09-21 17:01:20 -0400: Memory Usage (592960K) : Executing rule M2.1
2026-09-21 17:01:20 -0400: Memory Usage (592960K) : Executing rule M2.2a
2026-09-21 17:01:20 -0400: Memory Usage (592960K) : Executing rule M2.2b
2026-09-21 17:01:20 -0400: Memory Usage (592960K) : Executing rule M2.3
2026-09-21 17:01:20 -0400: Memory Usage (592960K) : Starting 5V SRAM derivations
2026-09-21 17:01:20 -0400: Memory Usage (592960K) : Executing rule S.DF.4c_MV
2026-09-21 17:01:20 -0400: Memory Usage (592960K) : Executing rule S.DF.6_MV
2026-09-21 17:01:20 -0400: Memory Usage (592960K) : Executing rule S.DF.7_MV
2026-09-21 17:01:20 -0400: Memory Usage (592960K) : Executing rule S.DF.8_MV
2026-09-21 17:01:20 -0400: Memory Usage (592960K) : Executing rule S.DF.16_MV
2026-09-21 17:01:20 -0400: Memory Usage (592960K) : Executing rule S.PL.5a_MV
2026-09-21 17:01:20 -0400: Memory Usage (592960K) : Executing rule S.PL.5b_MV
2026-09-21 17:01:20 -0400: Memory Usage (592960K) : Executing rule S.CO.4_MV
2026-09-21 17:01:20 -0400: Memory Usage (592960K) : Executing rule V1.1
2026-09-21 17:01:20 -0400: Memory Usage (592960K) : Executing rule V1.2a
2026-09-21 17:01:20 -0400: Memory Usage (592960K) : Executing rule V1.2b
2026-09-21 17:01:20 -0400: Memory Usage (592960K) : Executing rule V1.3a
2026-09-21 17:01:20 -0400: Memory Usage (592960K) : Executing rule V1.3c
2026-09-21 17:01:20 -0400: Memory Usage (592960K) : Executing rule V1.3d
2026-09-21 17:01:20 -0400: Memory Usage (592960K) : Executing rule V1.4a
2026-09-21 17:01:20 -0400: Memory Usage (592960K) : Executing rule V1.4b
2026-09-21 17:01:20 -0400: Memory Usage (592960K) : Executing rule V1.4c
2026-09-21 17:01:20 -0400: Memory Usage (592960K) : Starting YMTP_MK derivations
2026-09-21 17:01:20 -0400: Memory Usage (592960K) : Executing rule Y.NW.2b_LV
2026-09-21 17:01:20 -0400: Memory Usage (592960K) : Executing rule Y.NW.2b_MV
2026-09-21 17:01:20 -0400: Memory Usage (592960K) : Executing rule Y.DF.6_MV
2026-09-21 17:01:20 -0400: Memory Usage (592960K) : Executing rule Y.DF.16_LV
2026-09-21 17:01:20 -0400: Memory Usage (592960K) : Executing rule Y.DF.16_MV
2026-09-21 17:01:20 -0400: Memory Usage (592960K) : Executing rule Y.PL.1_LV
2026-09-21 17:01:20 -0400: Memory Usage (592960K) : Executing rule Y.PL.1_MV
2026-09-21 17:01:20 -0400: Memory Usage (592960K) : Executing rule Y.PL.2_LV
2026-09-21 17:01:20 -0400: Memory Usage (592960K) : Executing rule Y.PL.2_MV
2026-09-21 17:01:20 -0400: Memory Usage (592960K) : Executing rule Y.PL.4_MV
2026-09-21 17:01:20 -0400: Memory Usage (592960K) : Executing rule Y.PL.5a_LV
2026-09-21 17:01:20 -0400: Memory Usage (592960K) : Executing rule Y.PL.5a_MV
2026-09-21 17:01:20 -0400: Memory Usage (592960K) : Executing rule Y.PL.5b_LV
2026-09-21 17:01:20 -0400: Memory Usage (592960K) : Executing rule Y.PL.5b_MV
2026-09-21 17:01:20 -0400: Memory Usage (592960K) : Starting NWELL derivations
2026-09-21 17:01:20 -0400: Memory Usage (592960K) : Executing rule NW.1a_LV
2026-09-21 17:01:20 -0400: Memory Usage (592960K) : Executing rule NW.1a_MV
2026-09-21 17:01:20 -0400: Memory Usage (592960K) : Executing rule NW.1b_LV
2026-09-21 17:01:20 -0400: Memory Usage (592960K) : Executing rule NW.1b_MV
2026-09-21 17:01:20 -0400: Memory Usage (592960K) : CONNECTIVITY_RULES section
2026-09-21 17:01:20 -0400: Memory Usage (592960K) : Executing rule NW.2a_LV
2026-09-21 17:01:20 -0400: Memory Usage (592960K) : Executing rule NW.2a_MV
2026-09-21 17:01:20 -0400: Memory Usage (592960K) : Executing rule NW.2b_LV
2026-09-21 17:01:20 -0400: Memory Usage (592960K) : Executing rule NW.2b_MV
2026-09-21 17:01:20 -0400: Memory Usage (592960K) : Executing rule NW.3
2026-09-21 17:01:20 -0400: Memory Usage (592960K) : Executing rule NW.4
2026-09-21 17:01:20 -0400: Memory Usage (592960K) : Executing rule NW.5_LV
2026-09-21 17:01:20 -0400: Memory Usage (592960K) : Executing rule NW.5_MV
2026-09-21 17:01:20 -0400: Memory Usage (592960K) : Executing rule NW.6
2026-09-21 17:01:20 -0400: Memory Usage (592960K) : Starting HRES derivations
2026-09-21 17:01:20 -0400: Memory Usage (592960K) : Executing rule HRES.1
2026-09-21 17:01:20 -0400: Memory Usage (592960K) : Executing rule HRES.2
2026-09-21 17:01:20 -0400: Memory Usage (592960K) : Executing rule HRES.3
2026-09-21 17:01:20 -0400: Memory Usage (592960K) : Executing rule HRES.4
2026-09-21 17:01:20 -0400: Memory Usage (592960K) : Executing rule HRES.5
2026-09-21 17:01:20 -0400: Memory Usage (592960K) : Executing rule HRES.6
2026-09-21 17:01:20 -0400: Memory Usage (592960K) : Executing rule HRES.7
2026-09-21 17:01:20 -0400: Memory Usage (592960K) : Executing rule HRES.8
2026-09-21 17:01:20 -0400: Memory Usage (592960K) : Executing rule HRES.9
2026-09-21 17:01:20 -0400: Memory Usage (592960K) : Executing rule HRES.10
2026-09-21 17:01:20 -0400: Memory Usage (592960K) : Executing rule HRES.12a
2026-09-21 17:01:20 -0400: Memory Usage (592960K) : Executing rule HRES.12b
2026-09-21 17:01:21 -0400: Memory Usage (592960K) : Starting sab derivations
2026-09-21 17:01:21 -0400: Memory Usage (592960K) : Executing rule SB.1
2026-09-21 17:01:21 -0400: Memory Usage (592960K) : Executing rule SB.2
2026-09-21 17:01:21 -0400: Memory Usage (592960K) : Executing rule SB.3
2026-09-21 17:01:21 -0400: Memory Usage (592960K) : Executing rule SB.4
2026-09-21 17:01:21 -0400: Memory Usage (592960K) : Executing rule SB.5a
2026-09-21 17:01:21 -0400: Memory Usage (592960K) : Executing rule SB.5b
2026-09-21 17:01:21 -0400: Memory Usage (592960K) : Executing rule SB.6
2026-09-21 17:01:21 -0400: Memory Usage (592960K) : Executing rule SB.7
2026-09-21 17:01:21 -0400: Memory Usage (592960K) : Executing rule SB.8
2026-09-21 17:01:21 -0400: Memory Usage (592960K) : Executing rule SB.9
2026-09-21 17:01:21 -0400: Memory Usage (592960K) : Executing rule SB.10
2026-09-21 17:01:21 -0400: Memory Usage (592960K) : Executing rule SB.11
2026-09-21 17:01:21 -0400: Memory Usage (592960K) : Executing rule SB.12
2026-09-21 17:01:21 -0400: Memory Usage (592960K) : Executing rule SB.13
2026-09-21 17:01:21 -0400: Memory Usage (592960K) : Executing rule SB.14a
2026-09-21 17:01:21 -0400: Memory Usage (592960K) : Executing rule SB.14b
2026-09-21 17:01:21 -0400: Memory Usage (592960K) : Executing rule SB.15a
2026-09-21 17:01:21 -0400: Memory Usage (592960K) : Executing rule SB.15b
2026-09-21 17:01:21 -0400: Memory Usage (592960K) : Executing rule SB.16
2026-09-21 17:01:21 -0400: Memory Usage (592960K) : Executing rule BJT.1
2026-09-21 17:01:21 -0400: Memory Usage (592960K) : Executing rule BJT.2
2026-09-21 17:01:21 -0400: Memory Usage (592960K) : Executing rule BJT.3
2026-09-21 17:01:21 -0400: Memory Usage (592960K) : Starting 10V LDNMOS derivations
2026-09-21 17:01:21 -0400: Memory Usage (592960K) : Executing rule MDN.1
2026-09-21 17:01:21 -0400: Memory Usage (592960K) : CONNECTIVITY_RULES section
2026-09-21 17:01:21 -0400: Memory Usage (592960K) : Executing rule MDN.2a
2026-09-21 17:01:21 -0400: Memory Usage (592960K) : Executing rule MDN.2b
2026-09-21 17:01:21 -0400: Memory Usage (592960K) : Executing rule MDN.3a
2026-09-21 17:01:21 -0400: Memory Usage (592960K) : Executing rule MDN.3b
2026-09-21 17:01:21 -0400: Memory Usage (592960K) : Executing rule MDN.4a
2026-09-21 17:01:21 -0400: Memory Usage (592960K) : Executing rule MDN.4b
2026-09-21 17:01:21 -0400: Memory Usage (592960K) : Executing rule MDN.5ai
2026-09-21 17:01:21 -0400: Memory Usage (592960K) : Executing rule MDN.5aii
2026-09-21 17:01:21 -0400: Memory Usage (592960K) : Executing rule MDN.5b
2026-09-21 17:01:21 -0400: Memory Usage (592960K) : Executing rule MDN.5c
2026-09-21 17:01:21 -0400: Memory Usage (592960K) : Executing rule MDN.6
2026-09-21 17:01:21 -0400: Memory Usage (592960K) : Executing rule MDN.6a
2026-09-21 17:01:21 -0400: Memory Usage (592960K) : Executing rule MDN.7
2026-09-21 17:01:21 -0400: Memory Usage (592960K) : Executing rule MDN.7a
2026-09-21 17:01:21 -0400: Memory Usage (592960K) : CONNECTIVITY_RULES section
2026-09-21 17:01:21 -0400: Memory Usage (592960K) : Executing rule MDN.8a
2026-09-21 17:01:21 -0400: Memory Usage (592960K) : Executing rule MDN.8b
2026-09-21 17:01:21 -0400: Memory Usage (592960K) : Executing rule MDN.9
2026-09-21 17:01:21 -0400: Memory Usage (592960K) : Executing rule MDN.10a
2026-09-21 17:01:21 -0400: Memory Usage (592960K) : Executing rule MDN.10b
2026-09-21 17:01:21 -0400: Memory Usage (592960K) : Executing rule MDN.10c
2026-09-21 17:01:21 -0400: Memory Usage (592960K) : Executing rule MDN.10d
2026-09-21 17:01:21 -0400: Memory Usage (592960K) : Executing rule MDN.10ei
2026-09-21 17:01:21 -0400: Memory Usage (592960K) : Executing rule MDN.10eii
2026-09-21 17:01:21 -0400: Memory Usage (592960K) : Executing rule MDN.10f
2026-09-21 17:01:21 -0400: Memory Usage (592960K) : Executing rule MDN.11
2026-09-21 17:01:21 -0400: Memory Usage (592960K) : Executing rule MDN.12
2026-09-21 17:01:21 -0400: Memory Usage (592960K) : Executing rule MDN.13a
2026-09-21 17:01:21 -0400: Memory Usage (592960K) : Executing rule MDN.13b
2026-09-21 17:01:21 -0400: Memory Usage (592960K) : Executing rule MDN.13c
2026-09-21 17:01:21 -0400: Memory Usage (592960K) : Executing rule MDN.13d
2026-09-21 17:01:21 -0400: Memory Usage (592960K) : Executing rule MDN.14
2026-09-21 17:01:21 -0400: Memory Usage (592960K) : Executing rule MDN.15a
2026-09-21 17:01:21 -0400: Memory Usage (592960K) : Executing rule MDN.15b
2026-09-21 17:01:21 -0400: Memory Usage (592960K) : Executing rule MDN.17
2026-09-21 17:01:21 -0400: Memory Usage (592960K) : Executing rule V3.1
2026-09-21 17:01:21 -0400: Memory Usage (592960K) : Executing rule V3.2a
2026-09-21 17:01:21 -0400: Memory Usage (592960K) : Executing rule V3.2b
2026-09-21 17:01:21 -0400: Memory Usage (592960K) : Executing rule V3.3b
2026-09-21 17:01:21 -0400: Memory Usage (592960K) : Executing rule V3.3c
2026-09-21 17:01:21 -0400: Memory Usage (592960K) : Executing rule V3.3d
2026-09-21 17:01:21 -0400: Memory Usage (592960K) : Executing rule V3.4a
2026-09-21 17:01:22 -0400: Memory Usage (592960K) : Executing rule V3.4b
2026-09-21 17:01:22 -0400: Memory Usage (592960K) : Executing rule V3.4c
2026-09-21 17:01:22 -0400: Memory Usage (592960K) : Starting EFUSE derivations
2026-09-21 17:01:22 -0400: Memory Usage (592960K) : Executing rule EF.01
2026-09-21 17:01:22 -0400: Memory Usage (592960K) : Executing rule EF.02
2026-09-21 17:01:22 -0400: Memory Usage (592960K) : Executing rule EF.03
2026-09-21 17:01:22 -0400: Memory Usage (592960K) : Executing rule EF.04a
2026-09-21 17:01:22 -0400: Memory Usage (592960K) : Executing rule EF.04b
2026-09-21 17:01:22 -0400: Memory Usage (592960K) : Executing rule EF.04c
2026-09-21 17:01:22 -0400: Memory Usage (592960K) : Executing rule EF.04d
2026-09-21 17:01:22 -0400: Memory Usage (592960K) : Executing rule EF.05
2026-09-21 17:01:22 -0400: Memory Usage (592960K) : Executing rule EF.06
2026-09-21 17:01:22 -0400: Memory Usage (592960K) : Executing rule EF.07
2026-09-21 17:01:22 -0400: Memory Usage (592960K) : Executing rule EF.08
2026-09-21 17:01:22 -0400: Memory Usage (592960K) : Executing rule EF.09
2026-09-21 17:01:22 -0400: Memory Usage (592960K) : Executing rule EF.10
2026-09-21 17:01:22 -0400: Memory Usage (592960K) : Executing rule EF.11
2026-09-21 17:01:22 -0400: Memory Usage (592960K) : Executing rule EF.12
2026-09-21 17:01:22 -0400: Memory Usage (592960K) : Executing rule EF.13
2026-09-21 17:01:22 -0400: Memory Usage (592960K) : Executing rule EF.14
2026-09-21 17:01:22 -0400: Memory Usage (592960K) : Executing rule EF.15
2026-09-21 17:01:22 -0400: Memory Usage (592960K) : Executing rule EF.16a
2026-09-21 17:01:22 -0400: Memory Usage (592960K) : Executing rule EF.16b
2026-09-21 17:01:22 -0400: Memory Usage (592960K) : Executing rule EF.17
2026-09-21 17:01:22 -0400: Memory Usage (592960K) : Executing rule EF.18
2026-09-21 17:01:22 -0400: Memory Usage (592960K) : Executing rule EF.19
2026-09-21 17:01:22 -0400: Memory Usage (592960K) : Executing rule EF.20
2026-09-21 17:01:22 -0400: Memory Usage (592960K) : Executing rule EF.21
2026-09-21 17:01:22 -0400: Memory Usage (592960K) : Executing rule EF.22a
2026-09-21 17:01:22 -0400: Memory Usage (592960K) : Executing rule EF.22b
2026-09-21 17:01:22 -0400: Memory Usage (592960K) : Starting POLY2 derivations
2026-09-21 17:01:22 -0400: Memory Usage (592960K) : Executing rule PL.1_LV
2026-09-21 17:01:22 -0400: Memory Usage (592960K) : Executing rule PL.1_MV
2026-09-21 17:01:22 -0400: Memory Usage (592960K) : Executing rule PL.1a_LV
2026-09-21 17:01:22 -0400: Memory Usage (592960K) : Executing rule PL.1a_MV
2026-09-21 17:01:22 -0400: Memory Usage (592960K) : Executing rule PL.2_LV
2026-09-21 17:01:22 -0400: Memory Usage (592960K) : Executing rule PL.2_MV
2026-09-21 17:01:22 -0400: Memory Usage (592960K) : Executing rule PL.3a
2026-09-21 17:01:22 -0400: Memory Usage (592960K) : Executing rule PL.4_LV
2026-09-21 17:01:22 -0400: Memory Usage (592960K) : Executing rule PL.4_MV
2026-09-21 17:01:22 -0400: Memory Usage (592960K) : Executing rule PL.5a_LV
2026-09-21 17:01:22 -0400: Memory Usage (592960K) : Executing rule PL.5a_MV
2026-09-21 17:01:22 -0400: Memory Usage (592960K) : Executing rule PL.5b_LV
2026-09-21 17:01:22 -0400: Memory Usage (592960K) : Executing rule PL.5b_MV
2026-09-21 17:01:22 -0400: Memory Usage (592960K) : Executing rule PL.6
2026-09-21 17:01:22 -0400: Memory Usage (592960K) : Executing rule PL.7_LV
2026-09-21 17:01:22 -0400: Memory Usage (592960K) : Executing rule PL.7_MV
2026-09-21 17:01:22 -0400: Memory Usage (592960K) : Executing rule PL.9
2026-09-21 17:01:22 -0400: Memory Usage (592960K) : Executing rule PL.11
2026-09-21 17:01:22 -0400: Memory Usage (592960K) : Executing rule PL.12
2026-09-21 17:01:22 -0400: Memory Usage (592960K) : Executing rule V2.1
2026-09-21 17:01:22 -0400: Memory Usage (592960K) : Executing rule V2.2a
2026-09-21 17:01:22 -0400: Memory Usage (592960K) : Executing rule V2.2b
2026-09-21 17:01:22 -0400: Memory Usage (592960K) : Executing rule V2.3b
2026-09-21 17:01:22 -0400: Memory Usage (592960K) : Executing rule V2.3c
2026-09-21 17:01:22 -0400: Memory Usage (592960K) : Executing rule V2.3d
2026-09-21 17:01:22 -0400: Memory Usage (592960K) : Executing rule V2.4a
2026-09-21 17:01:22 -0400: Memory Usage (592960K) : Executing rule V2.4b
2026-09-21 17:01:22 -0400: Memory Usage (592960K) : Executing rule V2.4c
2026-09-21 17:01:22 -0400: Memory Usage (592960K) : Starting OTP_MK derivations
2026-09-21 17:01:22 -0400: Memory Usage (592960K) : Executing rule O.DF.3a
2026-09-21 17:01:22 -0400: Memory Usage (592960K) : Executing rule O.DF.6
2026-09-21 17:01:22 -0400: Memory Usage (592960K) : Executing rule O.DF.9
2026-09-21 17:01:22 -0400: Memory Usage (592960K) : Executing rule O.PL.2
2026-09-21 17:01:22 -0400: Memory Usage (592960K) : Executing rule O.PL.3a
2026-09-21 17:01:22 -0400: Memory Usage (592960K) : Executing rule O.PL.4
2026-09-21 17:01:22 -0400: Memory Usage (592960K) : Executing rule O.SB.2
2026-09-21 17:01:22 -0400: Memory Usage (592960K) : Executing rule O.SB.3
2026-09-21 17:01:22 -0400: Memory Usage (592960K) : Executing rule O.SB.4
2026-09-21 17:01:22 -0400: Memory Usage (592960K) : Executing rule O.SB.5b_LV
2026-09-21 17:01:22 -0400: Memory Usage (592960K) : Executing rule O.SB.9
2026-09-21 17:01:23 -0400: Memory Usage (592960K) : Executing rule O.SB.11
2026-09-21 17:01:23 -0400: Memory Usage (592960K) : Executing rule O.SB.13_LV
2026-09-21 17:01:23 -0400: Memory Usage (592960K) : Executing rule O.SB.13_MV
2026-09-21 17:01:23 -0400: Memory Usage (592960K) : Executing rule O.CO.7
2026-09-21 17:01:23 -0400: Memory Usage (592960K) : Executing rule O.PL.ORT
2026-09-21 17:01:23 -0400: Memory Usage (592960K) : Starting 3.3V SRAM derivations
2026-09-21 17:01:23 -0400: Memory Usage (592960K) : Executing rule S.DF.4c_LV
2026-09-21 17:01:23 -0400: Memory Usage (592960K) : Executing rule S.DF.16_LV
2026-09-21 17:01:23 -0400: Memory Usage (592960K) : Executing rule S.CO.3_LV
2026-09-21 17:01:23 -0400: Memory Usage (592960K) : Executing rule S.CO.4_LV
2026-09-21 17:01:23 -0400: Memory Usage (592960K) : Executing rule S.CO.6_ii_LV
2026-09-21 17:01:23 -0400: Memory Usage (592960K) : Executing rule S.M1.1_LV
2026-09-21 17:01:23 -0400: Memory Usage (592960K) : Executing rule M1.1
2026-09-21 17:01:23 -0400: Memory Usage (592960K) : Executing rule M1.2a
2026-09-21 17:01:23 -0400: Memory Usage (592960K) : Executing rule M1.2b
2026-09-21 17:01:23 -0400: Memory Usage (592960K) : Executing rule M1.3
2026-09-21 17:01:23 -0400: Memory Usage (592960K) : Starting comp derivations
2026-09-21 17:01:23 -0400: Memory Usage (592960K) : Executing rule DF.1a_LV
2026-09-21 17:01:23 -0400: Memory Usage (592960K) : Executing rule DF.1a_MV
2026-09-21 17:01:23 -0400: Memory Usage (592960K) : Executing rule DF.1c
2026-09-21 17:01:23 -0400: Memory Usage (592960K) : Executing rule DF.2a_LV
2026-09-21 17:01:23 -0400: Memory Usage (592960K) : Executing rule DF.2a_MV
2026-09-21 17:01:23 -0400: Memory Usage (592960K) : Executing rule DF.2b
2026-09-21 17:01:23 -0400: Memory Usage (592960K) : Executing rule DF.3a_LV
2026-09-21 17:01:23 -0400: Memory Usage (592960K) : Executing rule DF.3a_MV
2026-09-21 17:01:23 -0400: Memory Usage (592960K) : Executing rule DF.3b
2026-09-21 17:01:23 -0400: Memory Usage (592960K) : Executing rule DF.3c_LV
2026-09-21 17:01:23 -0400: Memory Usage (592960K) : Executing rule DF.3c_MV
2026-09-21 17:01:23 -0400: Memory Usage (592960K) : Executing rule DF.4a_LV
2026-09-21 17:01:23 -0400: Memory Usage (592960K) : Executing rule DF.4a_MV
2026-09-21 17:01:23 -0400: Memory Usage (592960K) : Executing rule DF.4b_LV
2026-09-21 17:01:23 -0400: Memory Usage (592960K) : Executing rule DF.4b_MV
2026-09-21 17:01:23 -0400: Memory Usage (592960K) : Executing rule DF.4c_LV
2026-09-21 17:01:23 -0400: Memory Usage (592960K) : Executing rule DF.4c_MV
2026-09-21 17:01:23 -0400: Memory Usage (592960K) : Executing rule DF.4d_LV
2026-09-21 17:01:23 -0400: Memory Usage (592960K) : Executing rule DF.4d_MV
2026-09-21 17:01:23 -0400: Memory Usage (592960K) : Executing rule DF.4e_LV
2026-09-21 17:01:23 -0400: Memory Usage (592960K) : Executing rule DF.4e_MV
2026-09-21 17:01:23 -0400: Memory Usage (592960K) : Executing rule DF.5_LV
2026-09-21 17:01:23 -0400: Memory Usage (592960K) : Executing rule DF.5_MV
2026-09-21 17:01:23 -0400: Memory Usage (592960K) : Executing rule DF.6_LV
2026-09-21 17:01:23 -0400: Memory Usage (592960K) : Executing rule DF.6_MV
2026-09-21 17:01:23 -0400: Memory Usage (592960K) : Executing rule DF.7_LV
2026-09-21 17:01:23 -0400: Memory Usage (592960K) : Executing rule DF.7_MV
2026-09-21 17:01:23 -0400: Memory Usage (592960K) : Executing rule DF.8_LV
2026-09-21 17:01:23 -0400: Memory Usage (592960K) : Executing rule DF.8_MV
2026-09-21 17:01:23 -0400: Memory Usage (592960K) : Executing rule DF.9
2026-09-21 17:01:23 -0400: Memory Usage (592960K) : Executing rule DF.10
2026-09-21 17:01:23 -0400: Memory Usage (592960K) : Executing rule DF.11
2026-09-21 17:01:23 -0400: Memory Usage (592960K) : Executing rule DF.12
2026-09-21 17:01:23 -0400: Memory Usage (592960K) : Preparations for rule DF.13_LV and DF.13_MV
2026-09-21 17:01:23 -0400: Memory Usage (592960K) : Executing rule DF.13_LV
2026-09-21 17:01:23 -0400: Memory Usage (592960K) : Executing rule DF.13_MV
2026-09-21 17:01:23 -0400: Memory Usage (592960K) : Executing rule DF.14_LV
2026-09-21 17:01:23 -0400: Memory Usage (592960K) : Executing rule DF.14_MV
2026-09-21 17:01:23 -0400: Memory Usage (592960K) : Executing rule DF.16_LV
2026-09-21 17:01:23 -0400: Memory Usage (592960K) : Executing rule DF.16_MV
2026-09-21 17:01:23 -0400: Memory Usage (592960K) : Executing rule DF.17_LV
2026-09-21 17:01:23 -0400: Memory Usage (592960K) : Executing rule DF.17_MV
2026-09-21 17:01:23 -0400: Memory Usage (592960K) : Executing rule DF.18
2026-09-21 17:01:23 -0400: Memory Usage (592960K) : Executing rule DF.19_LV
2026-09-21 17:01:23 -0400: Memory Usage (592960K) : Executing rule DF.19_MV
2026-09-21 17:01:23 -0400: Memory Usage (592960K) : Executing rule M3.1
2026-09-21 17:01:23 -0400: Memory Usage (592960K) : Executing rule M3.2a
2026-09-21 17:01:23 -0400: Memory Usage (592960K) : Executing rule M3.2b
2026-09-21 17:01:23 -0400: Memory Usage (592960K) : Executing rule M3.3
2026-09-21 17:01:23 -0400: Memory Usage (592960K) : Executing rule DV.1
2026-09-21 17:01:23 -0400: Memory Usage (592960K) : Executing rule DV.2
2026-09-21 17:01:23 -0400: Memory Usage (592960K) : Executing rule DV.3
2026-09-21 17:01:23 -0400: Memory Usage (592960K) : Executing rule DV.5
2026-09-21 17:01:23 -0400: Memory Usage (592960K) : Executing rule DV.6
2026-09-21 17:01:24 -0400: Memory Usage (592960K) : Executing rule DV.7
2026-09-21 17:01:24 -0400: Memory Usage (592960K) : Executing rule DV.8
2026-09-21 17:01:24 -0400: Memory Usage (592960K) : Executing rule DV.9
2026-09-21 17:01:24 -0400: Memory Usage (592960K) : main DRC Total Run time 9.76954921 seconds
21-Sep-2026 17:01:24 | ERROR   | Klayout DRC run is not clean.
21-Sep-2026 17:01:24 | ERROR   | Violated rules are : {'PL.8', 'M2.4', 'M1.4'}

