Note: can't find the initialization file spinit.
Warning: m=xx on .subckt line will override multiplier m hierarchy!

Using SPARSE 1.3 as Direct Linear Solver

Note: Compatibility modes selected: hs a


Circuit: * ic design studio / gf180mcu banba bandgap — first routed layout / revision 0

ASCII raw file "/workspace/scratch/3ead7ec2ec0c/IC-Design-Studio/build/banba-physical/repaired/simulation/ss--40-3.6/ramp-10u/deck.raw"
Doing analysis at TEMP = -40.000000 and TNOM = 27.000000

No. of Data Columns : 3  
Using transient initial conditions
 Reference value :  2.77808e-05
 Reference value :  6.00536e-05
 Reference value :  9.87536e-05
 Reference value :  1.38754e-04
 Reference value :  1.76554e-04
 Reference value :  2.02854e-04
 Reference value :  2.26054e-04
 Reference value :  2.49854e-04
 Reference value :  2.72654e-04
 Reference value :  2.83954e-04
 Reference value :  3.05954e-04
 Reference value :  3.28954e-04
 Reference value :  3.48354e-04
 Reference value :  3.50854e-04
 Reference value :  3.72754e-04
 Reference value :  3.95754e-04
 Reference value :  4.18154e-04
 Reference value :  4.42454e-04
 Reference value :  4.67154e-04
 Reference value :  4.91754e-04
No. of Data Rows : 5018

Total analysis time (seconds) = 2.781

Total elapsed time (seconds) = 2.881 

Total DRAM available = 22039.312 MB.
DRAM currently available = 17328.199 MB.
Maximum ngspice program size =   34.973 MB.
Current ngspice program size =   15.828 MB.

Shared ngspice pages =    7.906 MB.
Text (code) pages =    6.156 MB.
Stack = 0 bytes.
Library pages =   16.066 MB.

