Note: can't find the initialization file spinit.
Warning: m=xx on .subckt line will override multiplier m hierarchy!

Using SPARSE 1.3 as Direct Linear Solver

Note: Compatibility modes selected: hs a


Circuit: * ic design studio / gf180mcu banba bandgap — first routed layout / revision 0

ASCII raw file "/workspace/scratch/3ead7ec2ec0c/IC-Design-Studio/build/banba-physical/current-c-simulation/ss--40-3.6/ramp-10u/deck.raw"
Doing analysis at TEMP = -40.000000 and TNOM = 27.000000

No. of Data Columns : 3  
Using transient initial conditions
 Reference value :  1.98837e-05
 Reference value :  4.41837e-05
 Reference value :  6.75864e-05
 Reference value :  9.17864e-05
 Reference value :  1.14286e-04
 Reference value :  1.38586e-04
 Reference value :  1.62386e-04
 Reference value :  1.85286e-04
 Reference value :  2.09686e-04
 Reference value :  2.33086e-04
 Reference value :  2.57286e-04
 Reference value :  2.80386e-04
 Reference value :  3.11786e-04
 Reference value :  3.44186e-04
 Reference value :  3.77286e-04
 Reference value :  4.08386e-04
 Reference value :  4.41686e-04
 Reference value :  4.74486e-04
No. of Data Rows : 5017

Total analysis time (seconds) = 2.369

Total elapsed time (seconds) = 2.482 

Total DRAM available = 22039.312 MB.
DRAM currently available = 17512.484 MB.
Maximum ngspice program size =   34.977 MB.
Current ngspice program size =   15.930 MB.

Shared ngspice pages =    8.008 MB.
Text (code) pages =    6.156 MB.
Stack = 0 bytes.
Library pages =   16.070 MB.

